
> typecheck
> react-router typegen && tsc --noEmit

app/routes/webhooks.app.scopes_update.tsx(3,16): error TS2307: Cannot find module '../db.server' or its corresponding type declarations.
app/routes/webhooks.app.uninstalled.tsx(3,16): error TS2307: Cannot find module '../db.server' or its corresponding type declarations.
